[
  {
    "type": "block_metadata_transaction",
    "version": "1",
    "hash": "0xa8fc186c28fc0f95b8233651438093e8e215a51dcd16475f5e68c0a421f6305c",
    "state_root_hash": "0x8db36edb4b35e7d02e6ffd1554550934267f808fb77d50e9cb710c35f4f24999",
    "event_root_hash": "0xd62c85b93234824cf825e9c028c3bcc59b06926039721bd7edd76b56ae9fcecf",
    "gas_used": "0",
    "success": true,
    "vm_status": "Executed successfully",
    "accumulator_root_hash": "0x7f6cb9873bd1ac076122b8b53002ebe269c25b0bcb9ed70edd9f6671a78c44e3",
    "changes": [
      {
        "type": "write_resource",
        "address": "0xa550c18",
        "state_key_hash": "0x220a03e13099533097731c551fe037bbf404dcf765fe4df8743022a298650e6e",
        "data": {
          "type": "0x1::Block::BlockMetadata",
          "data": {
            "height": "1",
            "new_block_events": {
              "counter": "1",
              "guid": {
                "guid": {
                  "id": {
                    "addr": "0xa550c18",
                    "creation_num": "5"
                  }
                },
                "len_bytes": 40
              }
            }
          }
        }
      },
      {
        "type": "write_resource",
        "address": "0xa550c18",
        "state_key_hash": "0xf113db06626eb7724773e4e9dacecc8a6cb3a710b8b70365768168b24fe06ce3",
        "data": {
          "type": "0x1::Timestamp::CurrentTimeMicroseconds",
          "data": {
            "microseconds": "1"
          }
        }
      }
    ],
    "id": "0xf44b581f23222c10916b17a369b4da039d075952b58036f2a7b561446592403c",
    "round": "1",
    "previous_block_votes": [],
    "proposer": "0xf85fd00e30cd388d2609db24d6cc44f2652f27413456938eaa059f65231647cc",
    "timestamp": "1"
  },
  {
    "type": "user_transaction",
    "version": "2",
    "hash": "0x90a2b7c52f781e7e5f5a928b6e3273c9aa3adcb8529183f93b052d4f21c005b2",
    "state_root_hash": "0xdaad8ae1364ab92be7373ffd15380d349a30e81ecff8e1ffe1e3cee7484ed2ca",
    "event_root_hash": "0x414343554d554c41544f525f504c414345484f4c4445525f4841534800000000",
    "gas_used": "98",
    "success": true,
    "vm_status": "Executed successfully",
    "accumulator_root_hash": "0x46d7a2930374b8f3b618cb25fbabf473cd673d93ec4f5eb55fbb453caca93ffd",
    "changes": [
      {
        "type": "write_resource",
        "address": "0xa550c18",
        "state_key_hash": "0x04a62513032e695c923632ca1b9248d11e49c9b1e83bba39974adf50bbabdd8f",
        "data": {
          "type": "0x1::Account::Account",
          "data": {
            "authentication_key": "0x7deeccb1080854f499ec8b4c1b213b82c5e34b925cf6875fec02d4b77adbd2d6",
            "self_address": "0xa550c18",
            "sequence_number": "1"
          }
        }
      },
      {
        "type": "write_resource",
        "address": "0xa550c18",
        "state_key_hash": "0x0429c60e9038d8b98b6cbddf810e3517cf3b029b8655d701962e6b1bfec59e04",
        "data": {
          "type": "0x1::TestCoin::Balance",
          "data": {
            "coin": {
              "value": "18446744073709551615"
            }
          }
        }
      },
      {
        "type": "write_resource",
        "address": "0xa550c18",
        "state_key_hash": "0x79a08e0b94ebb66c0dae37a07c182d46387c347aeb83c07de6109b0503c3a24e",
        "data": {
          "type": "0x1::TestCoin::CoinInfo",
          "data": {
            "scaling_factor": "1000000",
            "total_value": "18446744073709551615"
          }
        }
      },
      {
        "type": "write_resource",
        "address": "0xe60912ecb0a8c365d163d258f3b9f1b62f8f9148c207643864d7ed4a2b23159",
        "state_key_hash": "0xd1742838da5b852a3ff4714b21e88a0e8f09cc97d2a2d7d78aea7705fa3c51cd",
        "data": {
          "type": "0x1::Account::Account",
          "data": {
            "authentication_key": "0x0e60912ecb0a8c365d163d258f3b9f1b62f8f9148c207643864d7ed4a2b23159",
            "self_address": "0xe60912ecb0a8c365d163d258f3b9f1b62f8f9148c207643864d7ed4a2b23159",
            "sequence_number": "0"
          }
        }
      },
      {
        "type": "write_resource",
        "address": "0xe60912ecb0a8c365d163d258f3b9f1b62f8f9148c207643864d7ed4a2b23159",
        "state_key_hash": "0xf0e43b1c1002eb268eb3c95d032be24bd65f3caef859c88ca1b1eb0180279fc3",
        "data": {
          "type": "0x1::GUID::Generator",
          "data": {
            "counter": "2"
          }
        }
      },
      {
        "type": "write_resource",
        "address": "0xe60912ecb0a8c365d163d258f3b9f1b62f8f9148c207643864d7ed4a2b23159",
        "state_key_hash": "0xdfe49d4e38fbd3f272555234ca2bfff43df59d18ed84d8d91e2abc56c0512ffa",
        "data": {
          "type": "0x1::TestCoin::Balance",
          "data": {
            "coin": {
              "value": "0"
            }
          }
        }
      },
      {
        "type": "write_resource",
        "address": "0xe60912ecb0a8c365d163d258f3b9f1b62f8f9148c207643864d7ed4a2b23159",
        "state_key_hash": "0x3eb9bd9e5d57ea570fc4dcfc82d8a20873cc45976b3d65dc8ad23daa46b482fe",
        "data": {
          "type": "0x1::TestCoin::TransferEvents",
          "data": {
            "received_events": {
              "counter": "0",
              "guid": {
                "guid": {
                  "id": {
                    "addr": "0xe60912ecb0a8c365d163d258f3b9f1b62f8f9148c207643864d7ed4a2b23159",
                    "creation_num": "1"
                  }
                },
                "len_bytes": 40
              }
            },
            "sent_events": {
              "counter": "0",
              "guid": {
                "guid": {
                  "id": {
                    "addr": "0xe60912ecb0a8c365d163d258f3b9f1b62f8f9148c207643864d7ed4a2b23159",
                    "creation_num": "0"
                  }
                },
                "len_bytes": 40
              }
            }
          }
        }
      }
    ],
    "sender": "0xa550c18",
    "sequence_number": "0",
    "max_gas_amount": "2000",
    "gas_unit_price": "0",
    "gas_currency_code": "XUS",
    "expiration_timestamp_secs": "18446744073709551615",
    "payload": {
      "type": "script_function_payload",
      "function": "0x1::AptosAccount::create_account",
      "type_arguments": [],
      "arguments": [
        "0xe60912ecb0a8c365d163d258f3b9f1b62f8f9148c207643864d7ed4a2b23159"
      ]
    },
    "signature": {
      "type": "ed25519_signature",
      "public_key": "0xb9c6ee1630ef3e711144a648db06bbb2284f7274cfbee53ffcee503cc1a49200",
      "signature": "0xdedbe6f619449a8a09b81a35383e37911f18e26da9381c543acb43e99e2bf25a49fb1420e517cddc549a25d3214f382bace603110ac3f285e6e40b54983e930c"
    },
    "events": [],
    "timestamp": "1"
  }
]
